<!DOCTYPE html>
<html>
<head>
	<title>System Information for pop-os</title>
</head>
<body>
	<h1>System Information for pop-os></h1>
	<p>Updated on 10/06/2020 08:49:00 PM EDT by root</p>
	<p>10/06/2020 08:49:00 PM EDT</p>
	<p>Linux pop-os 5.4.0-7642-generic #46~1598628707~20.04~040157c-Ubuntu SMP Fri Aug 28 18:02:16 UTC  x86_64 x86_64 x86_64 GNU/Linux</p>
	<p>              total        used        free      shared  buff/cache   available
Mem:          3.8Gi       1.4Gi       1.5Gi       2.0Mi       977Mi       2.2Gi
Swap:         4.0Gi          0B       4.0Gi</p>
	<p>NAME          MAJ:MIN RM   SIZE RO TYPE  MOUNTPOINT
loop0           7:0    0 146.5M  1 loop  /snap/code/45
loop1           7:1    0 146.5M  1 loop  /snap/code/46
loop2           7:2    0  97.1M  1 loop  /snap/core/9993
sda             8:0    0    25G  0 disk  
├─sda1          8:1    0    21G  0 part  /
└─sda2          8:2    0     4G  0 part  
  └─cryptswap 253:0    0     4G  0 crypt [SWAP]
sdb             8:16   0    20G  0 disk  
└─sdb1          8:17   0    20G  0 part  /data
sr0            11:0    1   2.1G  0 rom   /media/liamcannon/Pop_OS 20.04 amd64</p>
	<p>root</p>
	<p>10.0.0.100
127.0.0.1</p>
	<p>(0755/-rwxr-xr-x)</p>
	<p>Model name:                      Intel(R) Core(TM) i5-7600K CPU @ 3.80GHz</p>

</body>
</html>
